API Key: AIzaSyAiH-T_LJR...
.\venv\Scripts\python : 
Traceback (most recent call 
last):
At line:1 char:1
+ .\venv\Scripts\python 
backend/test_minimal.py > 
test_output.txt 2>&1  ...
+ ~~~~~~~~~~~~~~~~~~~~~~~~~~
~~~~~~~~~~~~~~~~~~~~~~~~~~~~
~~~~~~~~~~~~~~
    + CategoryInfo          
    : NotSpecified: (Trace  
  back (most recent call    
 last)::String) [], Remo    
teException
    + FullyQualifiedErrorId 
    : NativeCommandError
 
  File "C:\PROJECTS\REALITY 
FIX\backend\test_minimal.py"
, line 17, in <module>
    print("\u2713 API 
configured")
    
~~~~~^^^^^^^^^^^^^^^^^^^^
  File "C:\Users\abhi\AppDat
a\Local\Programs\Python\Pyth
on314\Lib\encodings\cp1252.p
y", line 19, in encode
    return codecs.charmap_en
code(input,self.errors,encod
ing_table)[0]
           ~~~~~~~~~~~~~~~~~
~~~~^^^^^^^^^^^^^^^^^^^^^^^^
^^^^^^^^^^
UnicodeEncodeError: 
'charmap' codec can't 
encode character '\u2713' 
in position 0: character 
maps to <undefined>

During handling of the 
above exception, another 
exception occurred:

Traceback (most recent call 
last):
  File "C:\PROJECTS\REALITY 
FIX\backend\test_minimal.py"
, line 33, in <module>
    print(f"\n\u2717 ERROR: 
{type(e).__name__}")
    ~~~~~^^^^^^^^^^^^^^^^^^^
^^^^^^^^^^^^^^^
  File "C:\Users\abhi\AppDat
a\Local\Programs\Python\Pyth
on314\Lib\encodings\cp1252.p
y", line 19, in encode
    return codecs.charmap_en
code(input,self.errors,encod
ing_table)[0]
           ~~~~~~~~~~~~~~~~~
~~~~^^^^^^^^^^^^^^^^^^^^^^^^
^^^^^^^^^^
UnicodeEncodeError: 
'charmap' codec can't 
encode character '\u2717' 
in position 2: character 
maps to <undefined>
